// Jest Snapshot v1, https://goo.gl/fbAQLP

exports[`Pokemon Page Component debe hacer match con el snapshot cuando cargan los pokemons 1`] = `
<div>
  <h1>Â¿Quien es este Pokemon?</h1><!-- Imagen -->
  <pokemon-picture-stub pokemonid="501" showpokemon="false"></pokemon-picture-stub><!-- Opciones -->
  <pokemon-options-stub pokemons="[object Object],[object Object],[object Object],[object Object]"></pokemon-options-stub>
  <!--v-if-->
</div>
`;
